files/104.csv
id,week,center_id,meal_id,checkout_price,base_price,emailer_for_promotion,homepage_featured,num_orders
1317860,23,104,2490,254.2,252.2,0,0,109
1288105,24,104,2490,254.2,254.2,0,0,460
1033613,25,104,2490,254.2,253.2,0,0,350
1108416,26,104,2490,254.2,253.2,0,0,568
1291153,27,104,2490,252.2,252.2,0,0,447
1390995,28,104,2490,253.2,253.2,0,0,447
1012743,29,104,2490,253.2,252.2,0,0,391
1486405,30,104,2490,253.2,252.2,0,0,568
1422719,31,104,2490,193.03,253.2,1,1,2294
1365866,32,104,2490,250.29,250.29,0,0,501
1159208,33,104,2490,252.2,254.2,0,0,392
1438487,34,104,2490,253.2,254.2,0,0,365
1305329,35,104,2490,254.2,252.2,0,0,527
1411411,36,104,2490,253.2,253.2,0,0,647
1386662,37,104,2490,252.2,254.2,0,0,296
1250653,38,104,2490,252.2,252.2,0,0,433
1417671,39,104,2490,247.35,249.35,0,0,663
1421649,40,104,2490,252.2,254.2,0,0,621
1354656,41,104,2490,248.32,249.32,0,0,512
1392259,42,104,2490,176.6,248.32,1,1,1473
1423629,43,104,2490,253.2,253.2,0,0,647
1341944,44,104,2490,253.2,253.2,0,0,972
1473970,45,104,2490,253.2,253.2,0,0,554
1311502,46,104,2490,247.38,246.38,0,0,635
1454487,47,104,2490,254.2,252.2,0,0,539
1127798,48,104,2490,192.09,253.2,1,1,3228
1415542,49,104,2490,193.06,253.2,0,0,1567
1225884,50,104,2490,246.38,246.38,0,0,377
1344972,51,104,2490,254.2,252.2,0,0,378
1433170,52,104,2490,194,252.2,1,1,1864
1060460,53,104,2490,195,253.2,0,0,1824
1097094,54,104,2490,253.2,253.2,0,0,622
1353908,55,104,2490,253.2,253.2,0,0,418
1458087,56,104,2490,254.2,254.2,0,0,258
1491771,57,104,2490,254.2,254.2,0,0,607
1355108,58,104,2490,253.2,254.2,0,0,607
1157053,59,104,2490,254.2,252.2,0,0,473
1017858,60,104,2490,253.2,254.2,0,0,202
1254672,61,104,2490,253.2,254.2,0,0,431
1442009,62,104,2490,252.2,252.2,0,0,297
1074917,63,104,2490,253.2,252.2,0,0,244
1239221,64,104,2490,254.2,254.2,0,0,215
1462254,65,104,2490,195.03,253.2,1,1,2444
1146994,66,104,2490,253.23,252.23,0,0,528
1202679,67,104,2490,252.2,254.2,0,0,566
1072006,68,104,2490,252.2,252.2,0,0,298
1317116,69,104,2490,254.2,252.2,0,0,392
1053005,70,104,2490,252.2,253.2,0,0,433
1425560,71,104,2490,253.2,252.2,0,0,366
1237807,72,104,2490,254.2,253.2,0,0,553
1153299,73,104,2490,254.2,252.2,0,0,420
1419332,74,104,2490,253.2,252.2,0,0,243
1282334,75,104,2490,254.2,253.2,0,0,661
1099727,76,104,2490,147.47,252.2,1,1,5818
1375085,77,104,2490,146.47,254.2,0,1,3617
1100583,78,104,2490,147.5,253.2,1,1,4252
1434716,79,104,2490,148.47,253.2,1,1,5361
1238046,80,104,2490,209.52,253.2,0,0,661
1058818,81,104,2490,215.4,252.2,0,0,622
1261044,82,104,2490,214.4,254.2,0,0,460
1055154,83,104,2490,328.83,328.83,0,0,148
1398040,84,104,2490,333.74,333.74,0,0,203
1081291,85,104,2490,194.03,333.74,0,0,690
1033630,86,104,2490,194.03,332.74,0,0,865
1349157,87,104,2490,194.03,332.74,0,0,1161
1104545,88,104,2490,193.03,332.74,0,0,1214
1019850,89,104,2490,281.36,331.74,0,0,474
1126824,90,104,2490,193.06,333.74,1,1,1498
1361238,91,104,2490,193.06,331.74,1,1,1499
1355456,92,104,2490,279.42,333.74,0,0,594
1052577,93,104,2490,285.21,284.21,0,0,242
1303065,94,104,2490,196,286.21,1,1,2092
1000728,95,104,2490,268.69,268.69,0,0,216
1237663,96,104,2490,280.36,281.36,0,0,662
1176523,97,104,2490,280.36,280.36,0,0,499
1466934,98,104,2490,281.36,281.36,0,0,404
1003943,99,104,2490,279.36,279.36,0,0,203
1190059,100,104,2490,280.36,281.36,0,0,352
1429445,101,104,2490,280.36,280.36,0,0,472
1278826,102,104,2490,279.36,279.36,0,0,325
1406238,103,104,2490,281.36,280.36,0,0,136
1355734,104,104,2490,281.36,279.36,0,0,405
1139798,105,104,2490,279.36,281.36,0,0,433
1239349,106,104,2490,275.51,274.51,0,0,366
1474807,107,104,2490,279.36,279.36,0,0,406
1246852,108,104,2490,280.36,279.36,0,0,283
1096797,109,104,2490,250.29,279.36,0,0,391
1300613,110,104,2490,252.26,280.36,0,0,377
1466686,111,104,2490,279.36,279.36,0,0,364
1227437,112,104,2490,272.6,273.6,0,0,217
1364425,113,104,2490,280.39,280.39,0,0,337
1350436,114,104,2490,283.3,283.3,0,0,459
1113160,115,104,2490,291.03,292.03,0,0,364
1209348,116,104,2490,291.03,290.03,0,0,285
1417824,117,104,2490,183.36,290.03,1,1,2526
1416545,118,104,2490,185.33,292.03,1,0,2038
1467343,119,104,2490,267.78,265.78,0,0,257
1388921,120,104,2490,292.03,290.03,0,0,216
1252740,121,104,2490,292.03,292.03,0,0,203
1161029,122,104,2490,267.75,268.75,0,0,338
1356804,123,104,2490,252.2,252.2,0,0,94
1213064,124,104,2490,266.78,267.78,0,0,163
1302812,125,104,2490,196.97,266.78,1,1,1351
1173596,126,104,2490,252.23,266.78,1,0,499
1393911,127,104,2490,292.03,292.03,0,0,485
1447804,128,104,2490,291.03,290.03,0,0,283
1114476,129,104,2490,290.03,292.03,0,0,393
1086874,130,104,2490,292.03,292.03,0,0,433
1167668,131,104,2490,291.03,290.03,0,0,609
1127992,132,104,2490,291.03,290.03,0,0,257
1235377,133,104,2490,291.03,291.03,0,0,243
1370673,134,104,2490,291.03,291.03,0,0,325
1386754,135,104,2490,291.03,290.03,0,0,609
1296287,136,104,2490,292.03,290.03,0,0,608
1314313,137,104,2490,282.33,282.33,0,0,379
1336241,138,104,2490,292.03,291.03,0,0,514
1395732,139,104,2490,292.03,290.03,0,0,499
1382718,140,104,2490,247.38,292.03,1,1,1080
1272472,141,104,2490,278.45,276.45,0,0,298
1101843,142,104,2490,290.03,290.03,0,0,297
1477765,143,104,2490,292.03,292.03,0,0,418
1209555,144,104,2490,290.03,292.03,0,0,582
1161171,145,104,2490,291.03,290.03,0,0,323
1109948,24,104,2569,333.71,334.71,0,0,204
1408186,25,104,2569,333.71,332.71,0,0,149
1407334,26,104,2569,334.71,333.71,0,0,136
1112364,27,104,2569,266.81,332.71,0,0,256
1335664,28,104,2569,334.71,333.71,0,0,123
1468492,29,104,2569,332.71,332.71,0,0,80
1460630,30,104,2569,334.71,333.71,0,0,94
1246368,31,104,2569,333.71,334.71,0,0,217
1316949,32,104,2569,332.71,332.71,0,0,217
1021746,33,104,2569,333.71,333.71,0,0,175
1213814,34,104,2569,332.71,333.71,0,0,150
1257040,35,104,2569,332.71,334.71,0,0,161
1253649,36,104,2569,333.71,332.71,0,0,188
1400600,37,104,2569,245.44,334.71,0,1,690
1360250,38,104,2569,332.71,334.71,0,1,95
1061163,39,104,2569,333.71,333.71,0,0,28
1377993,40,104,2569,333.71,334.71,0,0,28
1422902,41,104,2569,332.71,333.71,0,0,95
1078227,42,104,2569,279.42,332.71,0,0,283
1308359,43,104,2569,333.71,332.71,0,0,54
1333664,44,104,2569,332.71,334.71,0,0,80
1350583,45,104,2569,333.71,332.71,0,0,53
1462869,46,104,2569,333.71,332.71,0,0,42
1028140,47,104,2569,333.71,332.71,0,0,81
1158851,48,104,2569,334.71,333.71,0,0,80
1331238,49,104,2569,334.71,332.71,0,0,55
1148347,50,104,2569,334.71,332.71,0,0,67
1458992,51,104,2569,333.71,334.71,0,0,148
1199781,52,104,2569,334.71,334.71,0,0,27
1302444,53,104,2569,334.71,332.71,0,0,121
1061131,54,104,2569,333.71,332.71,0,0,204
1133469,55,104,2569,332.71,334.71,0,0,162
1488229,56,104,2569,261.93,332.71,1,0,662
1498478,57,104,2569,262.93,333.71,1,0,690
1283022,58,104,2569,334.71,333.71,0,0,296
1246232,59,104,2569,332.71,332.71,0,0,203
1351234,60,104,2569,286.15,334.71,0,0,594
1369605,61,104,2569,287.15,333.71,0,0,446
1491016,62,104,2569,286.21,332.71,0,0,188
1022790,63,104,2569,286.21,332.71,0,0,419
1078588,64,104,2569,288.12,333.71,0,0,406
1122757,65,104,2569,334.71,334.71,0,0,229
1171769,66,104,2569,332.71,333.71,0,0,188
1069034,67,104,2569,334.71,332.71,0,0,190
1044461,68,104,2569,334.71,333.71,0,0,217
1390689,69,104,2569,332.71,333.71,0,0,175
1160340,70,104,2569,332.71,334.71,0,0,27
1271674,71,104,2569,321.1,321.1,0,0,364
1065734,72,104,2569,307.52,306.52,0,0,337
1284025,73,104,2569,333.71,333.71,0,0,163
1290665,74,104,2569,333.71,332.71,0,0,243
1479427,75,104,2569,334.71,333.71,0,0,285
1133702,76,104,2569,309.43,309.43,0,0,189
1055825,77,104,2569,332.71,332.71,0,0,82
1422138,78,104,2569,329.8,331.8,0,0,202
1409629,79,104,2569,295.85,331.8,0,0,123
1332113,80,104,2569,334.71,332.71,0,0,69
1270982,81,104,2569,333.71,332.71,0,0,215
1318778,82,104,2569,244.5,334.71,1,0,1270
1036122,83,104,2569,301.67,302.67,0,0,338
1443801,84,104,2569,304.64,302.64,0,0,351
1261244,85,104,2569,304.64,304.64,0,0,460
1100941,86,104,2569,316.28,314.28,0,0,311
1208031,87,104,2569,305.58,304.58,0,0,419
1218387,88,104,2569,315.28,316.28,0,0,96
1116557,89,104,2569,302.64,304.64,0,0,107
1337853,90,104,2569,315.28,315.28,0,0,310
1440894,91,104,2569,315.28,314.28,0,0,324
1308604,92,104,2569,314.28,316.28,0,0,283
1109780,93,104,2569,310.46,310.46,0,0,377
1487143,94,104,2569,308.46,309.46,0,0,163
1380934,95,104,2569,337.56,339.56,0,0,257
1425028,96,104,2569,338.56,339.56,0,0,215
1066166,97,104,2569,338.56,338.56,0,0,312
1208645,98,104,2569,324.98,323.98,0,0,324
1450683,99,104,2569,322.07,322.07,0,0,283
1078176,100,104,2569,337.62,337.62,0,0,230
1137159,101,104,2569,339.56,338.56,0,0,134
1099144,102,104,2569,338.56,337.56,0,0,204
1009358,103,104,2569,338.56,337.56,0,0,96
1141309,104,104,2569,339.56,339.56,0,0,188
1052938,105,104,2569,338.56,337.56,0,0,176
1325589,106,104,2569,337.56,338.56,0,0,189
1119535,107,104,2569,339.56,337.56,0,1,190
1458290,108,104,2569,338.56,339.56,0,1,393
1479907,109,104,2569,338.56,339.56,0,1,175
1061349,110,104,2569,339.56,339.56,0,1,323
1212068,111,104,2569,318.22,317.22,0,0,217
1499417,112,104,2569,339.56,338.56,0,0,189
1498369,113,104,2569,337.56,337.56,0,0,324
1233513,114,104,2569,337.56,338.56,0,0,242
1340880,115,104,2569,233.77,338.56,1,0,500
1231968,116,104,2569,246.41,338.56,1,0,958
1496760,117,104,2569,278.45,339.56,0,0,189
1468016,118,104,2569,303.64,337.56,0,0,217
1168713,119,104,2569,303.64,339.56,0,0,215
1271280,120,104,2569,304.64,337.56,0,0,176
1023348,121,104,2569,303.64,339.56,0,0,148
1418910,122,104,2569,303.64,337.56,0,0,350
1103712,123,104,2569,304.64,302.64,0,0,94
1215325,124,104,2569,302.64,304.64,0,0,350
1203956,125,104,2569,304.64,304.64,0,0,271
1311198,126,104,2569,304.64,303.64,0,0,244
1291513,127,104,2569,293,292,0,0,339
1198256,128,104,2569,302.64,304.64,0,0,270
1452556,129,104,2569,304.64,303.64,0,0,392
1387852,130,104,2569,304.64,304.64,0,0,256
1166384,131,104,2569,303.64,303.64,0,0,297
1285619,132,104,2569,303.64,304.64,0,0,285
1048367,133,104,2569,302.64,303.64,0,0,216
1024821,134,104,2569,303.64,302.64,0,0,310
1280201,135,104,2569,286.15,287.15,0,0,244
1122169,136,104,2569,302.64,304.64,0,0,188
1137141,137,104,2569,303.64,304.64,0,0,217
1367762,138,104,2569,244.5,303.64,0,0,135
1256486,139,104,2569,322.04,323.04,0,0,188
1459017,140,104,2569,291.03,322.04,0,0,135
1128397,141,104,2569,322.04,323.04,0,0,107
1409009,142,104,2569,324.04,324.04,0,0,150
1228995,143,104,2569,309.49,309.49,0,0,270
1475954,144,104,2569,243.53,307.49,1,0,528
1379677,145,104,2569,242.53,309.49,0,0,404
1201472,64,104,1571,629.53,630.53,0,0,15
1334941,66,104,1571,629.53,630.53,0,0,54
1323169,67,104,1571,630.53,631.53,0,0,53
1300643,68,104,1571,629.53,629.53,0,0,27
1429080,69,104,1571,631.53,630.53,0,0,13
1139058,70,104,1571,631.53,631.53,0,0,121
1384654,71,104,1571,631.53,630.53,0,0,40
1315603,72,104,1571,631.53,630.53,0,0,81
1099835,73,104,1571,583.03,583.03,0,0,123
1120152,74,104,1571,581.03,582.03,0,0,123
1109257,75,104,1571,581.03,583.03,0,0,94
1166287,76,104,1571,583.03,581.03,0,0,68
1117115,77,104,1571,582.03,581.03,0,0,81
1231963,78,104,1571,583.03,582.03,0,0,94
1180172,79,104,1571,582.03,583.03,0,0,80
1208983,80,104,1571,581.03,582.03,0,0,68
1082811,81,104,1571,581.03,581.03,0,0,54
1443878,82,104,1571,582.03,581.03,0,0,122
1469679,83,104,1571,582.03,583.03,0,0,54
1269543,84,104,1571,597.52,597.52,0,0,41
1074730,85,104,1571,582.03,583.03,0,0,136
1448859,86,104,1571,583.03,583.03,0,0,148
1311547,87,104,1571,583.03,583.03,0,0,80
1287403,88,104,1571,582.03,581.03,0,0,94
1395349,89,104,1571,582.03,583.03,0,0,67
1482503,90,104,1571,583.03,581.03,0,0,95
1323316,91,104,1571,583.03,583.03,0,0,163
1023347,92,104,1571,581.03,581.03,0,0,95
1194452,93,104,1571,581.03,581.03,0,0,41
1158826,94,104,1571,582.03,581.03,0,0,53
1140682,95,104,1571,581.03,583.03,0,0,162
1317162,96,104,1571,582.03,583.03,0,0,107
1397440,97,104,1571,583.03,581.03,0,0,122
1123910,98,104,1571,582.03,583.03,0,0,136
1386194,99,104,1571,581.03,582.03,0,0,40
1466702,100,104,1571,485.03,582.03,0,0,54
1205237,101,104,1571,486.03,582.03,0,0,96
1486547,102,104,1571,583.03,581.03,0,0,55
1053376,103,104,1571,581.03,583.03,0,0,54
1467285,104,104,1571,581.03,583.03,0,0,55
1361193,105,104,1571,582.03,583.03,0,0,67
1263886,106,104,1571,583.03,582.03,0,0,96
1127263,107,104,1571,583.03,581.03,0,0,41
1373820,108,104,1571,587.88,585.88,0,0,135
1034051,109,104,1571,583.03,581.03,0,0,109
1381812,110,104,1571,581.03,583.03,0,0,68
1010147,111,104,1571,583.03,582.03,0,0,136
1300440,112,104,1571,581.03,581.03,0,0,161
1475057,113,104,1571,582.03,583.03,0,0,95
1202510,114,104,1571,581.03,582.03,0,0,82
1294290,115,104,1571,582.03,583.03,0,0,68
1016447,116,104,1571,583.03,582.03,0,0,122
1162630,117,104,1571,583.03,582.03,0,0,136
1192115,118,104,1571,581.03,583.03,0,0,81
1048578,119,104,1571,583.03,581.03,0,0,53
1212340,120,104,1571,583.03,582.03,0,0,108
1012886,121,104,1571,583.03,581.03,0,0,94
1140237,122,104,1571,582.03,581.03,0,0,81
1283424,123,104,1571,583.03,582.03,0,0,95
1223282,124,104,1571,582.03,581.03,0,0,94
1386032,125,104,1571,582.03,583.03,0,0,68
1097956,126,104,1571,605.28,607.28,0,0,27
1406844,127,104,1571,631.53,629.53,0,0,67
1153176,128,104,1571,629.53,631.53,0,0,28
1265523,129,104,1571,436.53,631.53,0,0,121
1395906,130,104,1571,437.53,630.53,1,0,242
1022096,131,104,1571,436.53,630.53,1,0,26
1064183,132,104,1571,435.53,630.53,0,0,123
1062916,133,104,1571,582.03,581.03,0,0,68
1418421,134,104,1571,583.03,583.03,0,0,13
1478881,136,104,1571,582.03,583.03,0,0,40
1461918,137,104,1571,629.53,630.53,0,0,53
1100716,138,104,1571,631.53,630.53,0,0,96
1460447,139,104,1571,486.03,630.53,0,0,136
1216996,140,104,1571,486.03,631.53,0,0,163
1445466,141,104,1571,590.73,590.73,0,0,69
1471236,142,104,1571,591.73,590.73,0,0,15
1066853,143,104,1571,590.73,592.73,0,0,42
1390746,144,104,1571,590.73,592.73,0,0,123
1095386,64,104,2956,630.53,629.53,0,0,26
1201266,65,104,2956,631.53,631.53,0,0,14
1405549,66,104,2956,629.53,629.53,0,0,55
1006704,67,104,2956,629.53,629.53,0,0,14
1302697,68,104,2956,629.53,630.53,0,0,27
1453097,69,104,2956,631.53,629.53,0,0,27
1058938,70,104,2956,629.53,631.53,0,0,28
1089901,73,104,2956,582.03,582.03,0,0,26
1197448,74,104,2956,583.03,583.03,0,0,80
1277625,75,104,2956,581.03,581.03,0,0,123
1081386,76,104,2956,583.03,582.03,0,0,54
1054022,77,104,2956,582.03,581.03,0,0,67
1138840,78,104,2956,583.03,582.03,0,0,26
1475526,79,104,2956,583.03,583.03,0,0,96
1083371,80,104,2956,582.03,583.03,0,0,40
1408358,81,104,2956,583.03,581.03,0,0,53
1399777,82,104,2956,581.03,581.03,0,0,81
1037342,83,104,2956,582.03,581.03,0,0,95
1325229,84,104,2956,583.03,581.03,0,0,53
1261359,85,104,2956,582.03,581.03,0,0,53
1237003,86,104,2956,581.03,581.03,0,0,96
1151872,87,104,2956,583.03,583.03,0,0,40
1046689,88,104,2956,583.03,583.03,0,0,27
1390936,89,104,2956,583.03,583.03,0,0,80
1428289,90,104,2956,581.03,582.03,0,0,80
1182845,91,104,2956,582.03,583.03,0,0,108
1340555,92,104,2956,582.03,583.03,0,0,26
1397605,93,104,2956,582.03,582.03,0,0,27
1274080,94,104,2956,582.03,581.03,0,0,96
1471540,95,104,2956,583.03,582.03,0,0,109
1224053,96,104,2956,581.03,582.03,0,0,94
1370325,97,104,2956,582.03,581.03,0,0,40
1347167,98,104,2956,583.03,582.03,0,0,68
1176178,99,104,2956,583.03,583.03,0,0,13
1000001,100,104,2956,486.03,583.03,0,0,161
1119334,101,104,2956,484.03,581.03,0,0,161
1244239,102,104,2956,582.03,581.03,0,0,81
1257801,103,104,2956,583.03,581.03,0,0,28
1045393,104,104,2956,583.03,582.03,0,0,26
1109626,105,104,2956,583.03,581.03,0,0,42
1448558,106,104,2956,581.03,583.03,0,0,41
1375667,107,104,2956,583.03,583.03,0,0,28
1090904,108,104,2956,583.03,581.03,0,0,54
1234196,109,104,2956,581.03,582.03,0,0,40
1091194,110,104,2956,582.03,583.03,0,0,94
1355418,111,104,2956,583.03,581.03,0,0,82
1007057,112,104,2956,582.03,581.03,0,0,203
1266533,113,104,2956,581.03,581.03,0,0,53
1174950,114,104,2956,582.03,583.03,0,0,121
1211758,115,104,2956,582.03,581.03,0,0,81
1012919,116,104,2956,581.03,582.03,0,0,107
1428449,117,104,2956,583.03,581.03,0,0,136
1311740,118,104,2956,583.03,581.03,0,0,123
1450749,120,104,2956,583.03,581.03,0,0,67
1309316,121,104,2956,581.03,581.03,0,0,148
1334068,122,104,2956,583.03,582.03,0,0,53
1497456,123,104,2956,582.03,582.03,0,0,123
1211932,124,104,2956,583.03,583.03,0,0,55
1479812,125,104,2956,582.03,582.03,0,0,41
1382974,126,104,2956,617.89,617.89,0,0,109
1316611,127,104,2956,630.53,629.53,0,0,80
1168145,128,104,2956,629.53,630.53,0,0,94
1338108,129,104,2956,437.53,630.53,0,0,161
1024422,130,104,2956,437.53,631.53,1,0,109
1337835,131,104,2956,435.53,631.53,1,0,67
1235605,132,104,2956,436.53,630.53,0,0,26
1471060,133,104,2956,582.03,581.03,0,0,55
1478668,134,104,2956,583.03,581.03,0,0,55
1405440,135,104,2956,583.03,583.03,0,0,26
1120381,136,104,2956,582.03,581.03,0,0,27
1209572,137,104,2956,631.53,629.53,0,0,26
1285468,138,104,2956,630.53,631.53,0,0,26
1267404,139,104,2956,485.03,631.53,0,0,94
1186840,140,104,2956,485.03,629.53,0,0,188
1234446,141,104,2956,592.73,591.73,0,0,14
1363726,142,104,2956,592.73,591.73,0,0,53
1119486,143,104,2956,592.73,590.73,0,0,28
1477380,144,104,2956,592.73,591.73,0,0,69
1095873,145,104,2956,640.23,639.23,0,0,13
